// Jest Snapshot v1, https://goo.gl/fbAQLP

exports[`PoolAddress #computeAddress gas cost 1`] = `"642"`;

exports[`PoolAddress #computeAddress matches example from core repo 1`] = `"0xF24448c31DdB76F101F9aB36d77464DA541A03fE"`;
